{
  "live-960x760": {
    "shell": "live",
    "capturePhase": "capturing",
    "rootOverflowX": 0,
    "island": {
      "x": 16,
      "y": 550.5,
      "w": 603,
      "h": 44.5,
      "right": 619,
      "bottom": 595,
      "scrollW": 603,
      "clientW": 603,
      "overflowX": 0,
      "display": "flex",
      "visibility": "visible",
      "opacity": "1",
      "visible": true
    },
    "islandOwnerId": "stage-pane",
    "islandOwner": {
      "x": 0,
      "y": 56,
      "w": 635,
      "h": 555,
      "right": 635,
      "bottom": 611,
      "scrollW": 635,
      "clientW": 635,
      "overflowX": 0,
      "display": "flex",
      "visibility": "visible",
      "opacity": "1",
      "visible": true
    },
    "islandWithinOwner": true,
    "captionText": {
      "x": 102,
      "y": 563.5,
      "w": 501,
      "h": 19.5,
      "right": 603,
      "bottom": 583,
      "scrollW": 1497,
      "clientW": 501,
      "overflowX": 996,
      "display": "block",
      "visibility": "visible",
      "opacity": "1",
      "visible": true
    },
    "captionContent": "온보딩 이탈률과 설치 시간 지표를 함께 점검하면서 다음 스프린트의 범위를 확정하겠습니다. 금요일 배포는 민수",
    "stagePane": {
      "x": 0,
      "y": 56,
      "w": 635,
      "h": 555,
      "right": 635,
      "bottom": 611,
      "scrollW": 635,
      "clientW": 635,
      "overflowX": 0,
      "display": "flex",
      "visibility": "visible",
      "opacity": "1",
      "visible": true
    },
    "transcriptPane": {
      "x": 640,
      "y": 56,
      "w": 320,
      "h": 555,
      "right": 960,
      "bottom": 611,
      "scrollW": 320,
      "clientW": 320,
      "overflowX": 0,
      "display": "flex",
      "visibility": "visible",
      "opacity": "1",
      "visible": true
    },
    "review": {
      "x": 0,
      "y": 0,
      "w": 0,
      "h": 0,
      "right": 0,
      "bottom": 0,
      "scrollW": 0,
      "clientW": 0,
      "overflowX": 0,
      "display": "none",
      "visibility": "visible",
      "opacity": "1",
      "visible": false
    },
    "reviewHidden": true,
    "reviewAccessibleName": "회의록 검토",
    "reviewIcon": {
      "x": 0,
      "y": 0,
      "w": 0,
      "h": 0,
      "right": 0,
      "bottom": 0,
      "scrollW": 0,
      "clientW": 0,
      "overflowX": 0,
      "display": "inline",
      "visibility": "visible",
      "opacity": "1",
      "visible": false
    },
    "reviewVisibleInk": [],
    "actionCard": {
      "x": 0,
      "y": 0,
      "w": 0,
      "h": 0,
      "right": 0,
      "bottom": 0,
      "scrollW": 0,
      "clientW": 0,
      "overflowX": 0,
      "display": "grid",
      "visibility": "visible",
      "opacity": "1",
      "visible": false
    },
    "actionHead": {
      "headW": 0,
      "textW": 0,
      "commandsW": 0,
      "textShare": null,
      "sameRow": true,
      "titleLineBoxes": 0
    },
    "actionCommands": [
      {
        "id": "btn-action-copy",
        "w": 0,
        "h": 0,
        "right": 0,
        "overflowX": 0,
        "label": "Copy",
        "visible": false
      },
      {
        "id": "btn-action-open",
        "w": 0,
        "h": 0,
        "right": 0,
        "overflowX": 0,
        "label": "Open draft",
        "visible": false
      }
    ],
    "clippedTextNodes": []
  },
  "live-1244x836": {
    "shell": "live",
    "capturePhase": "capturing",
    "rootOverflowX": 0,
    "island": {
      "x": 16,
      "y": 626.5,
      "w": 887,
      "h": 44.5,
      "right": 903,
      "bottom": 671,
      "scrollW": 887,
      "clientW": 887,
      "overflowX": 0,
      "display": "flex",
      "visibility": "visible",
      "opacity": "1",
      "visible": true
    },
    "islandOwnerId": "stage-pane",
    "islandOwner": {
      "x": 0,
      "y": 56,
      "w": 919,
      "h": 631,
      "right": 919,
      "bottom": 687,
      "scrollW": 919,
      "clientW": 919,
      "overflowX": 0,
      "display": "flex",
      "visibility": "visible",
      "opacity": "1",
      "visible": true
    },
    "islandWithinOwner": true,
    "captionText": {
      "x": 102,
      "y": 639.5,
      "w": 785,
      "h": 19.5,
      "right": 887,
      "bottom": 659,
      "scrollW": 1497,
      "clientW": 785,
      "overflowX": 712,
      "display": "block",
      "visibility": "visible",
      "opacity": "1",
      "visible": true
    },
    "captionContent": "온보딩 이탈률과 설치 시간 지표를 함께 점검하면서 다음 스프린트의 범위를 확정하겠습니다. 금요일 배포는 민수",
    "stagePane": {
      "x": 0,
      "y": 56,
      "w": 919,
      "h": 631,
      "right": 919,
      "bottom": 687,
      "scrollW": 919,
      "clientW": 919,
      "overflowX": 0,
      "display": "flex",
      "visibility": "visible",
      "opacity": "1",
      "visible": true
    },
    "transcriptPane": {
      "x": 924,
      "y": 56,
      "w": 320,
      "h": 631,
      "right": 1244,
      "bottom": 687,
      "scrollW": 320,
      "clientW": 320,
      "overflowX": 0,
      "display": "flex",
      "visibility": "visible",
      "opacity": "1",
      "visible": true
    },
    "review": {
      "x": 0,
      "y": 0,
      "w": 0,
      "h": 0,
      "right": 0,
      "bottom": 0,
      "scrollW": 0,
      "clientW": 0,
      "overflowX": 0,
      "display": "none",
      "visibility": "visible",
      "opacity": "1",
      "visible": false
    },
    "reviewHidden": true,
    "reviewAccessibleName": "회의록 검토",
    "reviewIcon": {
      "x": 0,
      "y": 0,
      "w": 0,
      "h": 0,
      "right": 0,
      "bottom": 0,
      "scrollW": 0,
      "clientW": 0,
      "overflowX": 0,
      "display": "inline",
      "visibility": "visible",
      "opacity": "1",
      "visible": false
    },
    "reviewVisibleInk": [],
    "actionCard": {
      "x": 0,
      "y": 0,
      "w": 0,
      "h": 0,
      "right": 0,
      "bottom": 0,
      "scrollW": 0,
      "clientW": 0,
      "overflowX": 0,
      "display": "grid",
      "visibility": "visible",
      "opacity": "1",
      "visible": false
    },
    "actionHead": {
      "headW": 0,
      "textW": 0,
      "commandsW": 0,
      "textShare": null,
      "sameRow": true,
      "titleLineBoxes": 0
    },
    "actionCommands": [
      {
        "id": "btn-action-copy",
        "w": 0,
        "h": 0,
        "right": 0,
        "overflowX": 0,
        "label": "Copy",
        "visible": false
      },
      {
        "id": "btn-action-open",
        "w": 0,
        "h": 0,
        "right": 0,
        "overflowX": 0,
        "label": "Open draft",
        "visible": false
      }
    ],
    "clippedTextNodes": []
  },
  "live-1440x900": {
    "shell": "live",
    "capturePhase": "capturing",
    "rootOverflowX": 0,
    "island": {
      "x": 16,
      "y": 690.5,
      "w": 1083,
      "h": 44.5,
      "right": 1099,
      "bottom": 735,
      "scrollW": 1083,
      "clientW": 1083,
      "overflowX": 0,
      "display": "flex",
      "visibility": "visible",
      "opacity": "1",
      "visible": true
    },
    "islandOwnerId": "stage-pane",
    "islandOwner": {
      "x": 0,
      "y": 56,
      "w": 1115,
      "h": 695,
      "right": 1115,
      "bottom": 751,
      "scrollW": 1115,
      "clientW": 1115,
      "overflowX": 0,
      "display": "flex",
      "visibility": "visible",
      "opacity": "1",
      "visible": true
    },
    "islandWithinOwner": true,
    "captionText": {
      "x": 102,
      "y": 703.5,
      "w": 981,
      "h": 19.5,
      "right": 1083,
      "bottom": 723,
      "scrollW": 1497,
      "clientW": 981,
      "overflowX": 516,
      "display": "block",
      "visibility": "visible",
      "opacity": "1",
      "visible": true
    },
    "captionContent": "온보딩 이탈률과 설치 시간 지표를 함께 점검하면서 다음 스프린트의 범위를 확정하겠습니다. 금요일 배포는 민수",
    "stagePane": {
      "x": 0,
      "y": 56,
      "w": 1115,
      "h": 695,
      "right": 1115,
      "bottom": 751,
      "scrollW": 1115,
      "clientW": 1115,
      "overflowX": 0,
      "display": "flex",
      "visibility": "visible",
      "opacity": "1",
      "visible": true
    },
    "transcriptPane": {
      "x": 1120,
      "y": 56,
      "w": 320,
      "h": 695,
      "right": 1440,
      "bottom": 751,
      "scrollW": 320,
      "clientW": 320,
      "overflowX": 0,
      "display": "flex",
      "visibility": "visible",
      "opacity": "1",
      "visible": true
    },
    "review": {
      "x": 0,
      "y": 0,
      "w": 0,
      "h": 0,
      "right": 0,
      "bottom": 0,
      "scrollW": 0,
      "clientW": 0,
      "overflowX": 0,
      "display": "none",
      "visibility": "visible",
      "opacity": "1",
      "visible": false
    },
    "reviewHidden": true,
    "reviewAccessibleName": "회의록 검토",
    "reviewIcon": {
      "x": 0,
      "y": 0,
      "w": 0,
      "h": 0,
      "right": 0,
      "bottom": 0,
      "scrollW": 0,
      "clientW": 0,
      "overflowX": 0,
      "display": "inline",
      "visibility": "visible",
      "opacity": "1",
      "visible": false
    },
    "reviewVisibleInk": [],
    "actionCard": {
      "x": 0,
      "y": 0,
      "w": 0,
      "h": 0,
      "right": 0,
      "bottom": 0,
      "scrollW": 0,
      "clientW": 0,
      "overflowX": 0,
      "display": "grid",
      "visibility": "visible",
      "opacity": "1",
      "visible": false
    },
    "actionHead": {
      "headW": 0,
      "textW": 0,
      "commandsW": 0,
      "textShare": null,
      "sameRow": true,
      "titleLineBoxes": 0
    },
    "actionCommands": [
      {
        "id": "btn-action-copy",
        "w": 0,
        "h": 0,
        "right": 0,
        "overflowX": 0,
        "label": "Copy",
        "visible": false
      },
      {
        "id": "btn-action-open",
        "w": 0,
        "h": 0,
        "right": 0,
        "overflowX": 0,
        "label": "Open draft",
        "visible": false
      }
    ],
    "clippedTextNodes": []
  },
  "live-900x760-seam": {
    "shell": "live",
    "capturePhase": "capturing",
    "rootOverflowX": 0,
    "island": {
      "x": 16,
      "y": 550.5,
      "w": 543,
      "h": 44.5,
      "right": 559,
      "bottom": 595,
      "scrollW": 543,
      "clientW": 543,
      "overflowX": 0,
      "display": "flex",
      "visibility": "visible",
      "opacity": "1",
      "visible": true
    },
    "islandOwnerId": "stage-pane",
    "islandOwner": {
      "x": 0,
      "y": 56,
      "w": 575,
      "h": 555,
      "right": 575,
      "bottom": 611,
      "scrollW": 575,
      "clientW": 575,
      "overflowX": 0,
      "display": "flex",
      "visibility": "visible",
      "opacity": "1",
      "visible": true
    },
    "islandWithinOwner": true,
    "captionText": {
      "x": 102,
      "y": 563.5,
      "w": 441,
      "h": 19.5,
      "right": 543,
      "bottom": 583,
      "scrollW": 1497,
      "clientW": 441,
      "overflowX": 1056,
      "display": "block",
      "visibility": "visible",
      "opacity": "1",
      "visible": true
    },
    "captionContent": "온보딩 이탈률과 설치 시간 지표를 함께 점검하면서 다음 스프린트의 범위를 확정하겠습니다. 금요일 배포는 민수",
    "stagePane": {
      "x": 0,
      "y": 56,
      "w": 575,
      "h": 555,
      "right": 575,
      "bottom": 611,
      "scrollW": 575,
      "clientW": 575,
      "overflowX": 0,
      "display": "flex",
      "visibility": "visible",
      "opacity": "1",
      "visible": true
    },
    "transcriptPane": {
      "x": 580,
      "y": 56,
      "w": 320,
      "h": 555,
      "right": 900,
      "bottom": 611,
      "scrollW": 320,
      "clientW": 320,
      "overflowX": 0,
      "display": "flex",
      "visibility": "visible",
      "opacity": "1",
      "visible": true
    },
    "review": {
      "x": 0,
      "y": 0,
      "w": 0,
      "h": 0,
      "right": 0,
      "bottom": 0,
      "scrollW": 0,
      "clientW": 0,
      "overflowX": 0,
      "display": "none",
      "visibility": "visible",
      "opacity": "1",
      "visible": false
    },
    "reviewHidden": true,
    "reviewAccessibleName": "회의록 검토",
    "reviewIcon": {
      "x": 0,
      "y": 0,
      "w": 0,
      "h": 0,
      "right": 0,
      "bottom": 0,
      "scrollW": 0,
      "clientW": 0,
      "overflowX": 0,
      "display": "inline",
      "visibility": "visible",
      "opacity": "1",
      "visible": false
    },
    "reviewVisibleInk": [],
    "actionCard": {
      "x": 0,
      "y": 0,
      "w": 0,
      "h": 0,
      "right": 0,
      "bottom": 0,
      "scrollW": 0,
      "clientW": 0,
      "overflowX": 0,
      "display": "grid",
      "visibility": "visible",
      "opacity": "1",
      "visible": false
    },
    "actionHead": {
      "headW": 0,
      "textW": 0,
      "commandsW": 0,
      "textShare": null,
      "sameRow": true,
      "titleLineBoxes": 0
    },
    "actionCommands": [
      {
        "id": "btn-action-copy",
        "w": 0,
        "h": 0,
        "right": 0,
        "overflowX": 0,
        "label": "Copy",
        "visible": false
      },
      {
        "id": "btn-action-open",
        "w": 0,
        "h": 0,
        "right": 0,
        "overflowX": 0,
        "label": "Open draft",
        "visible": false
      }
    ],
    "clippedTextNodes": []
  },
  "library-375x812": {
    "shell": "library",
    "capturePhase": "idle",
    "rootOverflowX": 0,
    "island": {
      "x": 0,
      "y": 0,
      "w": 0,
      "h": 0,
      "right": 0,
      "bottom": 0,
      "scrollW": 0,
      "clientW": 0,
      "overflowX": 0,
      "display": "none",
      "visibility": "visible",
      "opacity": "1",
      "visible": false
    },
    "islandOwnerId": "stage-pane",
    "islandOwner": {
      "x": 0,
      "y": 396,
      "w": 375,
      "h": 271.7,
      "right": 375,
      "bottom": 667.7,
      "scrollW": 375,
      "clientW": 375,
      "overflowX": 0,
      "display": "flex",
      "visibility": "visible",
      "opacity": "1",
      "visible": true
    },
    "islandWithinOwner": true,
    "captionText": {
      "x": 0,
      "y": 0,
      "w": 0,
      "h": 0,
      "right": 0,
      "bottom": 0,
      "scrollW": 0,
      "clientW": 0,
      "overflowX": 0,
      "display": "inline",
      "visibility": "visible",
      "opacity": "1",
      "visible": false
    },
    "captionContent": "녹음이 끝났습니다",
    "stagePane": {
      "x": 0,
      "y": 396,
      "w": 375,
      "h": 271.7,
      "right": 375,
      "bottom": 667.7,
      "scrollW": 375,
      "clientW": 375,
      "overflowX": 0,
      "display": "flex",
      "visibility": "visible",
      "opacity": "1",
      "visible": true
    },
    "transcriptPane": {
      "x": 0,
      "y": 0,
      "w": 0,
      "h": 0,
      "right": 0,
      "bottom": 0,
      "scrollW": 0,
      "clientW": 0,
      "overflowX": 0,
      "display": "none",
      "visibility": "visible",
      "opacity": "1",
      "visible": false
    },
    "review": {
      "x": 82,
      "y": 10,
      "w": 44,
      "h": 44,
      "right": 126,
      "bottom": 54,
      "scrollW": 42,
      "clientW": 42,
      "overflowX": 0,
      "display": "flex",
      "visibility": "visible",
      "opacity": "1",
      "visible": true
    },
    "reviewHidden": false,
    "reviewAccessibleName": "회의록 검토",
    "reviewIcon": {
      "x": 100.2,
      "y": 25,
      "w": 7.7,
      "h": 14,
      "right": 107.8,
      "bottom": 39,
      "scrollW": 8,
      "clientW": 8,
      "overflowX": 0,
      "display": "block",
      "visibility": "visible",
      "opacity": "1",
      "visible": true
    },
    "reviewVisibleInk": [
      {
        "cls": "review-btn__icon",
        "text": "✓"
      }
    ],
    "actionCard": {
      "x": 16,
      "y": 737.9,
      "w": 343,
      "h": 276.5,
      "right": 359,
      "bottom": 1014.4,
      "scrollW": 341,
      "clientW": 341,
      "overflowX": 0,
      "display": "grid",
      "visibility": "visible",
      "opacity": "1",
      "visible": true
    },
    "actionHead": {
      "headW": 309,
      "textW": 309,
      "commandsW": 156.6,
      "textShare": 1,
      "sameRow": false,
      "titleLineBoxes": 1
    },
    "actionCommands": [
      {
        "id": "btn-action-copy",
        "w": 57.7,
        "h": 44,
        "right": 90.7,
        "overflowX": 0,
        "label": "Copy",
        "visible": true
      },
      {
        "id": "btn-action-open",
        "w": 90.9,
        "h": 44,
        "right": 189.6,
        "overflowX": 0,
        "label": "Open draft",
        "visible": true
      }
    ],
    "clippedTextNodes": []
  },
  "library-320x667": {
    "shell": "library",
    "capturePhase": "idle",
    "rootOverflowX": 0,
    "island": {
      "x": 0,
      "y": 0,
      "w": 0,
      "h": 0,
      "right": 0,
      "bottom": 0,
      "scrollW": 0,
      "clientW": 0,
      "overflowX": 0,
      "display": "none",
      "visibility": "visible",
      "opacity": "1",
      "visible": false
    },
    "islandOwnerId": "stage-pane",
    "islandOwner": {
      "x": 0,
      "y": 396,
      "w": 320,
      "h": 151.3,
      "right": 320,
      "bottom": 547.3,
      "scrollW": 320,
      "clientW": 320,
      "overflowX": 0,
      "display": "flex",
      "visibility": "visible",
      "opacity": "1",
      "visible": true
    },
    "islandWithinOwner": true,
    "captionText": {
      "x": 0,
      "y": 0,
      "w": 0,
      "h": 0,
      "right": 0,
      "bottom": 0,
      "scrollW": 0,
      "clientW": 0,
      "overflowX": 0,
      "display": "inline",
      "visibility": "visible",
      "opacity": "1",
      "visible": false
    },
    "captionContent": "녹음이 끝났습니다",
    "stagePane": {
      "x": 0,
      "y": 396,
      "w": 320,
      "h": 151.3,
      "right": 320,
      "bottom": 547.3,
      "scrollW": 320,
      "clientW": 320,
      "overflowX": 0,
      "display": "flex",
      "visibility": "visible",
      "opacity": "1",
      "visible": true
    },
    "transcriptPane": {
      "x": 0,
      "y": 0,
      "w": 0,
      "h": 0,
      "right": 0,
      "bottom": 0,
      "scrollW": 0,
      "clientW": 0,
      "overflowX": 0,
      "display": "none",
      "visibility": "visible",
      "opacity": "1",
      "visible": false
    },
    "review": {
      "x": 82,
      "y": 10,
      "w": 44,
      "h": 44,
      "right": 126,
      "bottom": 54,
      "scrollW": 42,
      "clientW": 42,
      "overflowX": 0,
      "display": "flex",
      "visibility": "visible",
      "opacity": "1",
      "visible": true
    },
    "reviewHidden": false,
    "reviewAccessibleName": "회의록 검토",
    "reviewIcon": {
      "x": 100.2,
      "y": 25,
      "w": 7.7,
      "h": 14,
      "right": 107.8,
      "bottom": 39,
      "scrollW": 8,
      "clientW": 8,
      "overflowX": 0,
      "display": "block",
      "visibility": "visible",
      "opacity": "1",
      "visible": true
    },
    "reviewVisibleInk": [
      {
        "cls": "review-btn__icon",
        "text": "✓"
      }
    ],
    "actionCard": {
      "x": 16,
      "y": 707,
      "w": 288,
      "h": 276.5,
      "right": 304,
      "bottom": 983.5,
      "scrollW": 286,
      "clientW": 286,
      "overflowX": 0,
      "display": "grid",
      "visibility": "visible",
      "opacity": "1",
      "visible": true
    },
    "actionHead": {
      "headW": 254,
      "textW": 254,
      "commandsW": 156.6,
      "textShare": 1,
      "sameRow": false,
      "titleLineBoxes": 1
    },
    "actionCommands": [
      {
        "id": "btn-action-copy",
        "w": 57.7,
        "h": 44,
        "right": 90.7,
        "overflowX": 0,
        "label": "Copy",
        "visible": true
      },
      {
        "id": "btn-action-open",
        "w": 90.9,
        "h": 44,
        "right": 189.6,
        "overflowX": 0,
        "label": "Open draft",
        "visible": true
      }
    ],
    "clippedTextNodes": []
  }
}
