bun test v1.3.14 (0d9b296a)

tests/public-caret-library.test.ts:
(pass) browser-valid reducer artifacts > every reducer source has a committed, non-drifting generated artifact [2.07ms]
(pass) browser-valid reducer artifacts > rebuilding into a clean directory reproduces byte-identical artifacts [1.32ms]
(pass) browser-valid reducer artifacts > a mutated source is detected as drift rather than silently shipped [1.97ms]
(pass) browser-valid reducer artifacts > generated artifacts are served as executable JavaScript, never octet-stream [1.33ms]
(pass) browser-valid reducer artifacts > the shipped page really evaluates the reducers - no dead TypeScript seam [73.74ms]
(pass) document-centric library frame > 1244x836 shows one meetings rail and exactly one document surface [137.09ms]
(pass) document-centric library frame > Overview and Transcript never coexist: exactly one panel is perceivable [138.99ms]
(pass) document-centric library frame > no redundant centre detail panel duplicates the document surface [131.98ms]
(pass) detail tabs are a real tablist > tablist, tab and tabpanel roles are complete and cross-linked [124.23ms]
(pass) detail tabs are a real tablist > ArrowRight, ArrowLeft, Home and End move selection and focus [138.00ms]
(pass) detail tabs are a real tablist > document body text meets the WCAG AA contrast floor on its real surface [132.54ms]
(pass) detail tabs are a real tablist > every tab is keyboard reachable and paints a visible focus ring [125.77ms]
(pass) meeting selection refreshes the single document surface > selecting another meeting replaces the document content [154.18ms]
(pass) meeting selection refreshes the single document surface > a stale meeting payload arriving after a newer selection is ignored [150.18ms]
(pass) meeting selection refreshes the single document surface > initial hydration shows no stale slide or transcript content [68.77ms]
(pass) real note and transcript data survive the rebuild > typing a note reaches #notes-input and is sent with its contracted action [143.42ms]
(pass) real note and transcript data survive the rebuild > transcript history renders finalized lines with speaker and time metadata [133.44ms]
(pass) library empty, loading, error and reconnect states > an empty library explains itself and keeps the record action [66.53ms]
(pass) library empty, loading, error and reconnect states > connection state is explicit and survives a reconnect without losing content [127.93ms]
(pass) library empty, loading, error and reconnect states > a malformed server frame is dropped without disturbing the shell [126.71ms]
(pass) explicit state attributes and preserved binding contracts > the shell exposes every contracted state attribute [123.76ms]
(pass) explicit state attributes and preserved binding contracts > .app--capturing still tracks the authoritative capture phase [125.05ms]
(pass) explicit state attributes and preserved binding contracts > Stop and the timer stay visible and enabled through all three live phases [137.68ms]
(pass) explicit state attributes and preserved binding contracts > no fake event, folder or share controls exist in the library shell [128.90ms]
(pass) library shell across the canonical viewport matrix > no root overflow and one document surface at every matrix width [859.36ms]
(pass) library shell across the canonical viewport matrix > the document surface and slide frame stay usable at every matrix width [850.20ms]
(pass) library shell across the canonical viewport matrix > Notes stays visible, sized and focusable at every matrix width [963.37ms]
(pass) library shell across the canonical viewport matrix > no visible label is clipped or truncated at any matrix width [851.95ms]
(pass) library shell across the canonical viewport matrix > no dock control is clipped or truncated at any matrix width [874.01ms]
(pass) library shell across the canonical viewport matrix > the meetings rail stays reachable at 320x667 without clipping controls [119.25ms]
(pass) determinism guards > the library shell issues no off-origin request [70.28ms]
(pass) determinism guards > this suite contains no sleep or polling wait [0.69ms]

tests/public-caret-context.test.ts:
(pass) Todo 13 · every binding ID keeps exactly one home > library: each of the 35 binding IDs resolves to exactly one element [80.03ms]
(pass) Todo 13 · every binding ID keeps exactly one home > live: each of the 35 binding IDs resolves to exactly one element [80.79ms]
(pass) Todo 13 · DESIGN 9.11 capability placement > library with a meeting selected: the Ask entry is open, not buried in a disclosure [84.97ms]
(pass) Todo 13 · DESIGN 9.11 capability placement > library: the export set is behind ONE disclosure, not a permanent wall [73.99ms]
(pass) Todo 13 · DESIGN 9.11 capability placement > live: compile and export are behind a disclosure; Stop and the timer are not [74.57ms]
(pass) Todo 13 · DESIGN 9.11 capability placement > every capability is reachable once its own disclosure is opened, in both shells [149.57ms]
(pass) Todo 13 · the contextual surface is composed, never a dashboard wall > 1440x900: library action surface stays under two fifths of the viewport [74.25ms]
(pass) Todo 13 · the contextual surface is composed, never a dashboard wall > 1244x836: library action surface stays under two fifths of the viewport [67.36ms]
(pass) Todo 13 · the contextual surface is composed, never a dashboard wall > 1100x800: library action surface stays under two fifths of the viewport [70.89ms]
(pass) Todo 13 · the contextual surface is composed, never a dashboard wall > 960x760: library action surface stays under two fifths of the viewport [69.96ms]
(pass) Todo 13 · the contextual surface is composed, never a dashboard wall > 900x760: library action surface stays under two fifths of the viewport [67.28ms]
(pass) Todo 13 · the contextual surface is composed, never a dashboard wall > 899x760: library action surface stays under two fifths of the viewport [69.72ms]
(pass) Todo 13 · the contextual surface is composed, never a dashboard wall > 820x900: library action surface stays under two fifths of the viewport [69.56ms]
(pass) Todo 13 · the contextual surface is composed, never a dashboard wall > 375x812: library action surface stays under two fifths of the viewport [72.32ms]
(pass) Todo 13 · the contextual surface is composed, never a dashboard wall > 320x667: library action surface stays under two fifths of the viewport [66.16ms]
(pass) Todo 13 · the disclosure state belongs to the user > a set opened during `starting` is still open after `capturing` arrives [67.95ms]
(pass) Todo 13 · the disclosure state belongs to the user > a set closed in the library stays closed across repeated meeting selections [79.50ms]
(pass) Todo 13 · the disclosure state belongs to the user > crossing the shell boundary applies the shell's own default exactly once [73.67ms]
(pass) Todo 13 · panels are real dialogs > #provider-panel: dialog role + accessible name, Escape closes, focus returns to #btn-settings [80.12ms]
(pass) Todo 13 · panels are real dialogs > #attendee-panel: dialog role + accessible name, Escape closes, focus returns to #btn-attendees [83.02ms]
(pass) Todo 13 · panels are real dialogs > #ask-panel: dialog role + accessible name, Escape closes, focus returns to #btn-ask [80.37ms]
(pass) Todo 13 · disabled controls carry their exact machine reason > a disconnected client disables the gated set and states why in title AND aria-label [66.91ms]
(pass) Todo 13 · disabled controls carry their exact machine reason > Ask states its gate reason in title AND aria-label while no meeting is selected [78.26ms]
(pass) Todo 13 · re-homed controls still send their frozen actions > compile, export, save and reset emit their existing action names [77.70ms]
(pass) Todo 13 · re-homed controls still send their frozen actions > reset emits `reset` from the library, where it is truthfully enabled [83.74ms]
(pass) Todo 13 · re-homed controls still send their frozen actions > Ask sends `ask` with the frozen `meetingId` payload key [80.21ms]
(pass) Todo 13 · re-homed controls still send their frozen actions > repeated compile activation while a job is in flight emits exactly one action [77.58ms]
(pass) Todo 13 · narrow widths keep real target sizes > 375x812: every painted action meets the 44px target [68.78ms]
(pass) Todo 13 · narrow widths keep real target sizes > 320x667: every painted action meets the 44px target [65.82ms]
(pass) Todo 13 · narrow widths keep real target sizes > 375x812 library: every painted shell control passes a real 44px edge-band hit test [69.82ms]
(pass) Todo 13 · narrow widths keep real target sizes > 375x812 live: every painted shell control passes a real 44px edge-band hit test [72.68ms]
(pass) Todo 13 · narrow widths keep real target sizes > 320x667 library: every painted shell control passes a real 44px edge-band hit test [65.53ms]
(pass) Todo 13 · narrow widths keep real target sizes > 320x667 live: every painted shell control passes a real 44px edge-band hit test [73.34ms]
(pass) Todo 13 · exactly one Stop and one timer > 1244 starting: one perceivable Stop and one perceivable timer [73.34ms]
(pass) Todo 13 · exactly one Stop and one timer > 1244 capturing: one perceivable Stop and one perceivable timer [70.13ms]
(pass) Todo 13 · exactly one Stop and one timer > 1244 stopping: one perceivable Stop and one perceivable timer [71.60ms]
(pass) Todo 13 · exactly one Stop and one timer > 375 starting: one perceivable Stop and one perceivable timer [70.66ms]
(pass) Todo 13 · exactly one Stop and one timer > 375 capturing: one perceivable Stop and one perceivable timer [73.09ms]
(pass) Todo 13 · exactly one Stop and one timer > 375 stopping: one perceivable Stop and one perceivable timer [73.09ms]
(pass) Todo 13 · exactly one Stop and one timer > 320 starting: one perceivable Stop and one perceivable timer [72.79ms]
(pass) Todo 13 · exactly one Stop and one timer > 320 capturing: one perceivable Stop and one perceivable timer [77.35ms]
(pass) Todo 13 · exactly one Stop and one timer > 320 stopping: one perceivable Stop and one perceivable timer [70.37ms]
(pass) Todo 13 · exactly one Stop and one timer > reconnect during capture still shows exactly one Stop and one timer [72.27ms]
(pass) Todo 13 · exactly one Stop and one timer > a compile job in flight never adds a second Stop or timer [81.82ms]
(pass) Todo 13 · exactly one Stop and one timer > the library restores #btn-record as its capture control, with no live Stop [72.28ms]
(pass) Todo 13 · the capture control states its own gate reason > #btn-record carries the exact reason in title AND aria-label when disconnected [67.58ms]
(pass) Todo 13 · the output switcher reveals, never duplicates > each switcher item targets a distinct existing surface and creates no second slide [70.66ms]

tests/public-caret-foundation.test.ts:
(pass) bundled font assets are local, deterministic and license-audited > every declared asset exists with the exact recorded size and SHA-256 [2.02ms]
(pass) bundled font assets are local, deterministic and license-audited > every shipped font file is covered by the manifest - no stray asset [0.40ms]
(pass) bundled font assets are local, deterministic and license-audited > every asset carries an OFL receipt whose license file is present and hashed [1.28ms]
(pass) bundled font assets are local, deterministic and license-audited > the foundation stylesheet declares only same-origin font sources [0.55ms]
(pass) bundled font assets are local, deterministic and license-audited > the shipped document never links a remote font stylesheet [0.41ms]
(pass) the token layer resolves deterministically in a real browser > document.fonts.ready settles with every bundled family resolved from disk [0.09ms]
(pass) the token layer resolves deterministically in a real browser > zero external requests reach the network [0.05ms]
(pass) the token layer resolves deterministically in a real browser > computed families come from the bundled stacks with system fallbacks retained [0.06ms]
(pass) the token layer resolves deterministically in a real browser > every required semantic token is declared with a resolved value [0.05ms]
(pass) the token layer resolves deterministically in a real browser > the spacing scale is a strict 4px grid and the type scale is monotonic [0.05ms]
(pass) the token layer resolves deterministically in a real browser > the canvas is an opaque matte near-black, never a translucent glass pane [0.13ms]
(pass) the token layer resolves deterministically in a real browser > main surfaces carry no backdrop blur; blur is reserved for overlays [0.03ms]
(pass) the token layer resolves deterministically in a real browser > the accent is a restrained emerald and recording state is a distinct coral [0.04ms]
(pass) declared roles satisfy WCAG contrast > body and muted text clear AA on the canvas and on the document surface [0.05ms]
(pass) declared roles satisfy WCAG contrast > faint text is only used at large sizes and still clears the 3:1 large-text floor [0.01ms]
(pass) declared roles satisfy WCAG contrast > accent and record text roles clear AA where they carry meaning [0.03ms]
(pass) declared roles satisfy WCAG contrast > strong rules and the focus ring clear the 3:1 non-text boundary floor [0.13ms]
(pass) declared roles satisfy WCAG contrast > a focused control paints a visible ring rather than removing the outline
(pass) motion is bounded and reduced motion is complete > the motion budget stays within the reference envelope [0.06ms]
(pass) motion is bounded and reduced motion is complete > under prefers-reduced-motion every token-driven duration collapses to zero [87.74ms]
(pass) the foundation holds at every canonical viewport > reference 1440x900: fonts ready, tokens stable, no root overflow [77.89ms]
(pass) the foundation holds at every canonical viewport > library 1244x836: fonts ready, tokens stable, no root overflow [0.02ms]
(pass) the foundation holds at every canonical viewport > live 960x760: fonts ready, tokens stable, no root overflow [89.60ms]
(pass) the foundation holds at every canonical viewport > stacked 820x900: fonts ready, tokens stable, no root overflow [75.54ms]
(pass) the foundation holds at every canonical viewport > narrow 375x812: fonts ready, tokens stable, no root overflow [75.37ms]
(pass) the foundation holds at every canonical viewport > compact 320x667: fonts ready, tokens stable, no root overflow [89.50ms]
(pass) the foundation preserves the task-3 DOM and protocol contract > index.html still declares every unique binding id exactly once [4.16ms]
(pass) the foundation preserves the task-3 DOM and protocol contract > the foundation stylesheet declares tokens and never rewrites shell structure [0.23ms]
(pass) the foundation preserves the task-3 DOM and protocol contract > generated-slide renderer colors are not touched by the foundation [0.12ms]

tests/public-caret-harness.test.ts:
(pass) canonical fixture catalogue > covers every state named in the plan with unique ids [0.28ms]
(pass) canonical fixture catalogue > every canonical viewport in the plan matrix is exercised by a real fixture [0.09ms]
(pass) canonical fixture catalogue > every fixture step is a real trigger: a server message or a user interaction [0.20ms]
(pass) canonical fixture catalogue > every fixture pins a canonical viewport, locale, timezone and fixed clock [0.14ms]
(pass) canonical fixture catalogue > canonical viewports include the plan's browser matrix at deviceScaleFactor 1 [0.05ms]
(pass) canonical fixture catalogue > fixture events are frozen server messages, never mutable current time [0.38ms]
(pass) deterministic browser state capture > 1244x836 library fixture yields byte-identical machine JSON twice [186.04ms]
(pass) deterministic browser state capture > 960x760 live fixture yields byte-identical machine JSON twice with a fixed timer [179.68ms]
(pass) deterministic browser state capture > 1440x900 reference fixture yields byte-identical machine JSON and geometry twice [179.69ms]
(pass) deterministic browser state capture > 820x900 stacked fixture yields byte-identical machine JSON and the stacked-state contract [185.09ms]
(pass) deterministic browser state capture > locale, timezone, fonts and clock are pinned inside the page [90.00ms]
(pass) deterministic browser state capture > no fixture reaches the network beyond the local harness origin [92.48ms]
(pass) deterministic browser state capture > geometry is the deterministic artifact; screenshots are visual artifacts only [250.53ms]
(pass) deterministic browser state capture > transcript, meetings, slides and job fixtures land deterministically [174.24ms]
(pass) event-before-trigger synchronization > the driver subscribes before every message trigger [82.02ms]
(pass) event-before-trigger synchronization > click-driven steps prove ordering with an in-page observable counter [87.91ms]
(pass) event-before-trigger synchronization > a slide emitted before the subscribed capture state fails with a named bounded timeout [1577.07ms]
(pass) event-before-trigger synchronization > the default state deadline stays below Bun's default test timeout [0.04ms]
(pass) static determinism guards > harness, fixtures and driver never use sleep or polling wait APIs [1.60ms]
(pass) static determinism guards > no QA driver under tests/helpers reintroduces a polling delay [0.78ms]

tests/public-caret-live.test.ts:
(pass) Todo 12 · generated reducer integration > the live shell runs the CANONICAL reducers from the generated artifacts, never raw TS [95.28ms]
(pass) Todo 12 · the 900px live seam > 1440x900: live is side by side [96.81ms]
(pass) Todo 12 · the 900px live seam > 1244x836: live is side by side [94.30ms]
(pass) Todo 12 · the 900px live seam > 1100x800: live is side by side [91.29ms]
(pass) Todo 12 · the 900px live seam > 960x760: live is side by side [92.20ms]
(pass) Todo 12 · the 900px live seam > 900x760: live is side by side [95.06ms]
(pass) Todo 12 · the 900px live seam > 899x760: live is stacked, stage first [94.39ms]
(pass) Todo 12 · the 900px live seam > 820x900: live is stacked, stage first [97.42ms]
(pass) Todo 12 · the 900px live seam > 375x812: live is stacked, stage first [90.20ms]
(pass) Todo 12 · the 900px live seam > 320x667: live is stacked, stage first [92.22ms]
(pass) Todo 12 · the complete generated PPT stage > 1440x900: the whole 16:9 slide is contained and legible [93.45ms]
(pass) Todo 12 · the complete generated PPT stage > 1244x836: the whole 16:9 slide is contained and legible [93.05ms]
(pass) Todo 12 · the complete generated PPT stage > 1100x800: the whole 16:9 slide is contained and legible [91.24ms]
(pass) Todo 12 · the complete generated PPT stage > 960x760: the whole 16:9 slide is contained and legible [91.72ms]
(pass) Todo 12 · the complete generated PPT stage > 900x760: the whole 16:9 slide is contained and legible [96.52ms]
(pass) Todo 12 · the complete generated PPT stage > 899x760: the whole 16:9 slide is contained and legible [91.89ms]
(pass) Todo 12 · the complete generated PPT stage > 820x900: the whole 16:9 slide is contained and legible [89.66ms]
(pass) Todo 12 · the complete generated PPT stage > 375x812: the whole 16:9 slide is contained and legible [95.55ms]
(pass) Todo 12 · the complete generated PPT stage > 320x667: the whole 16:9 slide is contained and legible [93.35ms]
(pass) Todo 12 · the complete live transcript > 1440x900: transcript is legible, scrollable and Korean-multiline [102.58ms]
(pass) Todo 12 · the complete live transcript > 1244x836: transcript is legible, scrollable and Korean-multiline [106.69ms]
(pass) Todo 12 · the complete live transcript > 1100x800: transcript is legible, scrollable and Korean-multiline [98.77ms]
(pass) Todo 12 · the complete live transcript > 960x760: transcript is legible, scrollable and Korean-multiline [91.88ms]
(pass) Todo 12 · the complete live transcript > 900x760: transcript is legible, scrollable and Korean-multiline [90.20ms]
(pass) Todo 12 · the complete live transcript > 899x760: transcript is legible, scrollable and Korean-multiline [92.07ms]
(pass) Todo 12 · the complete live transcript > 820x900: transcript is legible, scrollable and Korean-multiline [99.20ms]
(pass) Todo 12 · the complete live transcript > 375x812: transcript is legible, scrollable and Korean-multiline [92.59ms]
(pass) Todo 12 · the complete live transcript > 320x667: transcript is legible, scrollable and Korean-multiline [90.87ms]
(pass) Todo 12 · transcript projection comes from the canonical reducer > provisional becomes final, duplicates dedupe, reordered snapshots keep order [87.35ms]
(pass) Todo 12 · Stop and timer are persistent and truthful > Stop + timer stay visible and enabled through starting, capturing and stopping [71.31ms]
(pass) Todo 12 · Stop and timer are persistent and truthful > a trailing line during stopping still renders, and idle returns to library once [83.33ms]
(pass) Todo 12 · Stop and timer are persistent and truthful > a dropped socket keeps live content and the Stop control [83.93ms]
(pass) Todo 12 · the save/export disclosure is reachable in BOTH shells > 1440x900: all 9 library dock capabilities are mouse/keyboard reachable [77.72ms]
(pass) Todo 12 · the save/export disclosure is reachable in BOTH shells > 1244x836: all 9 library dock capabilities are mouse/keyboard reachable [76.75ms]
(pass) Todo 12 · the save/export disclosure is reachable in BOTH shells > 1100x800: all 9 library dock capabilities are mouse/keyboard reachable [75.46ms]
(pass) Todo 12 · the live dock clips nothing (Todo-11 handoff defect) > 375px starting: zero controls clipped or horizontally offscreen [70.40ms]
(pass) Todo 12 · the live dock clips nothing (Todo-11 handoff defect) > 375px capturing: zero controls clipped or horizontally offscreen [82.32ms]
(pass) Todo 12 · the live dock clips nothing (Todo-11 handoff defect) > 375px stopping: zero controls clipped or horizontally offscreen [85.66ms]
(pass) Todo 12 · the live dock clips nothing (Todo-11 handoff defect) > 320px starting: zero controls clipped or horizontally offscreen [69.27ms]
(pass) Todo 12 · the live dock clips nothing (Todo-11 handoff defect) > 320px capturing: zero controls clipped or horizontally offscreen [79.01ms]
(pass) Todo 12 · the live dock clips nothing (Todo-11 handoff defect) > 320px stopping: zero controls clipped or horizontally offscreen [88.87ms]
(pass) Todo 12 · the live dock clips nothing (Todo-11 handoff defect) > compile and export stay real and reachable in live, and never disable Stop [83.99ms]
(pass) Todo 12 · adversarial live input > a malformed frame is dropped and leaves the live projection intact [84.52ms]
(pass) Todo 12 · adversarial live input > the live Stop control emits the existing stopCapture action [89.06ms]

tests/public-caret-accessibility.test.ts:
(pass) Todo 15 · announcements fire once and never for the wrong thing > the timer is not a live region, in either shell [95.01ms]
(pass) Todo 15 · announcements fire once and never for the wrong thing > the provisional caption is not a live region [83.55ms]
(pass) Todo 15 · announcements fire once and never for the wrong thing > ambient counters and the provider name are not live regions [80.70ms]
(pass) Todo 15 · announcements fire once and never for the wrong thing > the status channel IS a polite live region, so failures are not silent [68.51ms]
(pass) Todo 15 · announcements fire once and never for the wrong thing > a finalized transcript line announces through exactly one live region [82.01ms]
(pass) Todo 15 · announcements fire once and never for the wrong thing > no live region is assertive, so nothing interrupts the operator [87.24ms]
(pass) Todo 15 · reduced motion collapses travel without hiding state > library: no painted element keeps a transition or a running animation [80.73ms]
(pass) Todo 15 · reduced motion collapses travel without hiding state > live: no painted element keeps a transition or a running animation [87.39ms]
(pass) Todo 15 · reduced motion collapses travel without hiding state > reduced motion still shows the live capture state, timer and transcript [82.40ms]
(pass) Todo 15 · reduced motion collapses travel without hiding state > reduced motion keeps a visible focus ring on the keyboard-focused control [72.06ms]
(pass) Todo 15 · reduced motion collapses travel without hiding state > normal motion stays inside the approved 200ms budget [84.68ms]
(pass) Todo 15 · every painted control is a real target, scroll included > 375x812 library: scrolled-into-view controls meet 44px [79.85ms]
(pass) Todo 15 · every painted control is a real target, scroll included > 375x812 live: scrolled-into-view controls meet 44px [89.81ms]
(pass) Todo 15 · every painted control is a real target, scroll included > 320x667 library: scrolled-into-view controls meet 44px [77.73ms]
(pass) Todo 15 · every painted control is a real target, scroll included > 320x667 live: scrolled-into-view controls meet 44px [82.79ms]
(pass) Todo 15 · every painted control is a real target, scroll included > 1440x900: the rail's per-row delete control meets 44px [72.24ms]
(pass) Todo 15 · every painted control is a real target, scroll included > 1244x836: the rail's per-row delete control meets 44px [75.40ms]
(pass) Todo 15 · every painted control is a real target, scroll included > 1100x800: the rail's per-row delete control meets 44px [72.77ms]
(pass) Todo 15 · every painted control is a real target, scroll included > 960x760: the rail's per-row delete control meets 44px [69.39ms]
(pass) Todo 15 · every painted control is a real target, scroll included > 900x760: the rail's per-row delete control meets 44px [71.48ms]
(pass) Todo 15 · every painted control is a real target, scroll included > 899x760: the rail's per-row delete control meets 44px [72.70ms]
(pass) Todo 15 · every painted control is a real target, scroll included > 820x900: the rail's per-row delete control meets 44px [73.34ms]
(pass) Todo 15 · every painted control is a real target, scroll included > 375x812: the rail's per-row delete control meets 44px [73.13ms]
(pass) Todo 15 · every painted control is a real target, scroll included > 320x667: the rail's per-row delete control meets 44px [72.57ms]
(pass) Todo 15 · every painted control is a real target, scroll included > 1440x900 library: no painted control is covered by another surface [73.78ms]
(pass) Todo 15 · every painted control is a real target, scroll included > 1440x900 live: no painted control is covered by another surface [83.41ms]
(pass) Todo 15 · every painted control is a real target, scroll included > 1244x836 library: no painted control is covered by another surface [72.84ms]
(pass) Todo 15 · every painted control is a real target, scroll included > 1244x836 live: no painted control is covered by another surface [80.13ms]
(pass) Todo 15 · every painted control is a real target, scroll included > 1100x800 library: no painted control is covered by another surface [73.18ms]
(pass) Todo 15 · every painted control is a real target, scroll included > 1100x800 live: no painted control is covered by another surface [79.94ms]
(pass) Todo 15 · every painted control is a real target, scroll included > 960x760 library: no painted control is covered by another surface [77.01ms]
(pass) Todo 15 · every painted control is a real target, scroll included > 960x760 live: no painted control is covered by another surface [84.74ms]
(pass) Todo 15 · every painted control is a real target, scroll included > 900x760 library: no painted control is covered by another surface [74.06ms]
(pass) Todo 15 · every painted control is a real target, scroll included > 900x760 live: no painted control is covered by another surface [79.80ms]
(pass) Todo 15 · every painted control is a real target, scroll included > 899x760 library: no painted control is covered by another surface [76.64ms]
(pass) Todo 15 · every painted control is a real target, scroll included > 899x760 live: no painted control is covered by another surface [81.75ms]
(pass) Todo 15 · every painted control is a real target, scroll included > 820x900 library: no painted control is covered by another surface [75.29ms]
(pass) Todo 15 · every painted control is a real target, scroll included > 820x900 live: no painted control is covered by another surface [80.59ms]
(pass) Todo 15 · every painted control is a real target, scroll included > 375x812 library: no painted control is covered by another surface [73.12ms]
(pass) Todo 15 · every painted control is a real target, scroll included > 375x812 live: no painted control is covered by another surface [81.67ms]
(pass) Todo 15 · every painted control is a real target, scroll included > 320x667 library: no painted control is covered by another surface [74.66ms]
(pass) Todo 15 · every painted control is a real target, scroll included > 320x667 live: no painted control is covered by another surface [79.45ms]
(pass) Todo 15 · every painted control is a real target, scroll included > 1440x900: zero root overflow in the live shell [78.91ms]
(pass) Todo 15 · every painted control is a real target, scroll included > 1440x900 reduced: zero root overflow in the live shell [79.28ms]
(pass) Todo 15 · every painted control is a real target, scroll included > 1244x836: zero root overflow in the live shell [81.31ms]
(pass) Todo 15 · every painted control is a real target, scroll included > 1244x836 reduced: zero root overflow in the live shell [80.93ms]
(pass) Todo 15 · every painted control is a real target, scroll included > 1100x800: zero root overflow in the live shell [81.30ms]
(pass) Todo 15 · every painted control is a real target, scroll included > 1100x800 reduced: zero root overflow in the live shell [79.54ms]
(pass) Todo 15 · every painted control is a real target, scroll included > 960x760: zero root overflow in the live shell [78.21ms]
(pass) Todo 15 · every painted control is a real target, scroll included > 960x760 reduced: zero root overflow in the live shell [81.35ms]
(pass) Todo 15 · every painted control is a real target, scroll included > 900x760: zero root overflow in the live shell [84.95ms]
(pass) Todo 15 · every painted control is a real target, scroll included > 900x760 reduced: zero root overflow in the live shell [79.14ms]
(pass) Todo 15 · every painted control is a real target, scroll included > 899x760: zero root overflow in the live shell [77.81ms]
(pass) Todo 15 · every painted control is a real target, scroll included > 899x760 reduced: zero root overflow in the live shell [80.84ms]
(pass) Todo 15 · every painted control is a real target, scroll included > 820x900: zero root overflow in the live shell [79.81ms]
(pass) Todo 15 · every painted control is a real target, scroll included > 820x900 reduced: zero root overflow in the live shell [82.72ms]
(pass) Todo 15 · every painted control is a real target, scroll included > 375x812: zero root overflow in the live shell [81.62ms]
(pass) Todo 15 · every painted control is a real target, scroll included > 375x812 reduced: zero root overflow in the live shell [81.36ms]
(pass) Todo 15 · every painted control is a real target, scroll included > 320x667: zero root overflow in the live shell [82.58ms]
(pass) Todo 15 · every painted control is a real target, scroll included > 320x667 reduced: zero root overflow in the live shell [81.02ms]
(pass) Todo 15 · failure states are explicit, truthful and retain last-good content > a malformed slide frame drops silently and keeps the last good slide [79.54ms]
(pass) Todo 15 · failure states are explicit, truthful and retain last-good content > unparseable JSON leaves every projection untouched [83.78ms]
(pass) Todo 15 · failure states are explicit, truthful and retain last-good content > a transport drop reports reconnecting and keeps Stop, timer and content [81.79ms]
(pass) Todo 15 · failure states are explicit, truthful and retain last-good content > a compile failure states its reason next to the control and keeps Stop enabled [82.42ms]
(pass) Todo 15 · failure states are explicit, truthful and retain last-good content > 1440x900: reconnecting is stated in the surface, not only in an attribute [84.23ms]
(pass) Todo 15 · failure states are explicit, truthful and retain last-good content > 1244x836: reconnecting is stated in the surface, not only in an attribute [81.39ms]
(pass) Todo 15 · failure states are explicit, truthful and retain last-good content > 1100x800: reconnecting is stated in the surface, not only in an attribute [79.43ms]
(pass) Todo 15 · failure states are explicit, truthful and retain last-good content > 960x760: reconnecting is stated in the surface, not only in an attribute [84.59ms]
(pass) Todo 15 · failure states are explicit, truthful and retain last-good content > 900x760: reconnecting is stated in the surface, not only in an attribute [82.95ms]
(pass) Todo 15 · failure states are explicit, truthful and retain last-good content > 899x760: reconnecting is stated in the surface, not only in an attribute [80.51ms]
(pass) Todo 15 · failure states are explicit, truthful and retain last-good content > 820x900: reconnecting is stated in the surface, not only in an attribute [83.52ms]
(pass) Todo 15 · failure states are explicit, truthful and retain last-good content > 375x812: reconnecting is stated in the surface, not only in an attribute [82.90ms]
(pass) Todo 15 · failure states are explicit, truthful and retain last-good content > 320x667: reconnecting is stated in the surface, not only in an attribute [82.20ms]
(pass) Todo 15 · failure states are explicit, truthful and retain last-good content > the empty library and the empty transcript both explain themselves [67.55ms]
(pass) Todo 15 · keyboard operation and Escape priority > Escape closes the open sheet and restores focus to its trigger [67.29ms]
(pass) Todo 15 · keyboard operation and Escape priority > Escape never stops a live recording [88.01ms]
(pass) Todo 15 · keyboard operation and Escape priority > every focusable control in the tab order has an accessible name [73.66ms]
(pass) Todo 15 · keyboard operation and Escape priority > no positive tabindex hijacks the DOM tab order [79.78ms]
(pass) Todo 15 · keyboard operation and Escape priority > the detail tabs implement roving tabindex with Arrow, Home and End [76.45ms]
(pass) Todo 15 · contrast and non-color status > every visible status indicator carries text or a shape, never color alone [79.40ms]
(pass) Todo 15 · contrast and non-color status > primary body text meets WCAG AA 4.5:1 against its own painted background [79.66ms]
(pass) Todo 15 · determinism > this suite contains no sleep or polling wait [0.72ms]
(pass) Todo 15 · determinism > the accessibility run issues no off-origin request [80.16ms]

tests/public-dom-protocol-contract.test.ts:
(pass) shipped DOM contract > the manifest itself lists each binding id exactly once [0.07ms]
(pass) shipped DOM contract > every binding id occurs exactly once in the shipped HTML [0.05ms]
(pass) shipped DOM contract > no id in the shipped HTML is duplicated at all [0.06ms]
(pass) shipped DOM contract > binding controls keep their element and control types [0.09ms]
(pass) shipped DOM contract > required ancestry holds, including #current-slide beneath #stage-pane [0.03ms]
(pass) shipped DOM contract > panes that must not nest stay disjoint [0.02ms]
(pass) shipped DOM contract > shipped HTML loads every contract script exactly once [0.07ms]
(pass) shipped DOM contract > scripts still resolve the binding ids they own [0.19ms]
(pass) compatibility data attributes and persisted layout keys > connection state attribute keeps its exact spelling and value set [0.07ms]
(pass) compatibility data attributes and persisted layout keys > detail tab attribute keeps its exact spelling and value set [0.04ms]
(pass) compatibility data attributes and persisted layout keys > capture-state classes stay readable across shipped scripts [0.09ms]
(pass) compatibility data attributes and persisted layout keys > output switcher targets exist and resolve to real ids [0.04ms]
(pass) compatibility data attributes and persisted layout keys > persisted layout keys and their payload keys are unchanged [0.07ms]
(pass) shipped wire protocol contract > the protocol manifest lists each action and message type exactly once [0.03ms]
(pass) shipped wire protocol contract > every contract action name is emitted or dispatched with its exact spelling [1.05ms]
(pass) shipped wire protocol contract > client emits no action outside the contract [0.16ms]
(pass) shipped wire protocol contract > startCapture keeps the snake_case meeting_id payload spelling [0.10ms]
(pass) shipped wire protocol contract > critical payload key spellings are present and their aliases absent [0.24ms]
(pass) shipped wire protocol contract > every server message type is declared in src/session.ts and in ServerMessage [0.06ms]
(pass) shipped wire protocol contract > the client still handles every message type it is contracted to handle [0.10ms]
(pass) shipped wire protocol contract > capture and transcript message shapes keep their key spellings [0.05ms]
(pass) shipped wire protocol contract > the server handler map registers exactly the contracted actions [0.03ms]
(pass) shipped wire protocol contract > actions not in the handler map still have an explicit dispatch branch [0.05ms]

 278 pass
 0 fail
 2082 expect() calls
Ran 278 tests across 7 files. [27.23s]
