bun test v1.3.14 (0d9b296a)

tests/native-minibar.test.ts:
(pass) native minibar seam: sources and compilation > the projection module, AppKit shell and fixture driver exist [0.09ms]
(pass) native minibar seam: sources and compilation > swiftc compiles the pure modules with the fixture driver [0.05ms]
(pass) native minibar seam: sources and compilation > swiftc typechecks the AppKit shell against the pure modules
(pass) native minibar seam: sources and compilation > the driver runs once, exits 0 and emits machine-readable JSON [0.02ms]
(pass) native minibar seam: sources and compilation > the projection module stays pure: no AppKit, window, socket or clock [0.49ms]
(pass) native minibar seam: sources and compilation > the AppKit shell imports no WebKit and hosts no second engine [0.24ms]
(pass) native minibar seam: sources and compilation > the panel frame is authoritative so content cannot grow past the contract size [0.16ms]
(pass) native minibar seam: sources and compilation > the AppKit shell stays thin: geometry and status come from the pure modules [0.10ms]
(pass) native minibar seam: sources and compilation > no native source advertises Pause, share or screen-share exclusion [0.24ms]
(pass) native minibar seam: sources and compilation > the bundle build compiles the minibar sources into the app executable [0.24ms]
(pass) native minibar seam: geometry > collapsed is exactly 360x56 and expanded exactly 560x220 [0.04ms]
(pass) native minibar seam: geometry > the deterministic default frame honours the 16px gutter on the active display
(pass) native minibar seam: geometry > a saved frame that no longer intersects a display falls back deterministically
(pass) native minibar seam: geometry > expanding a restored frame keeps the anchor and clamps into the gutter
(pass) native minibar seam: explicit status projection > idle, starting, live, stopping and switching-model are distinct explicit states [0.01ms]
(pass) native minibar seam: explicit status projection > before any snapshot the surface says connecting rather than idle
(pass) native minibar seam: explicit status projection > a lost socket becomes reconnecting while the known capture truth is retained [0.01ms]
(pass) native minibar seam: explicit status projection > a malformed payload surfaces error without discarding the known capture phase
(pass) native minibar seam: explicit status projection > every status carries a non-color glyph and a distinct title [0.04ms]
(pass) native minibar seam: timer derives from server startedAt > elapsed time is computed from the server timestamp and the injected clock
(pass) native minibar seam: timer derives from server startedAt > a clock skew never renders a negative timer
(pass) native minibar seam: timer derives from server startedAt > a capture without startedAt shows no invented timer
(pass) native minibar seam: timer derives from server startedAt > reconnecting keeps the last known timer basis rather than resetting it
(pass) native minibar seam: bounded transcript projection > collapsed shows exactly one line: the latest finalized sentence
(pass) native minibar seam: bounded transcript projection > collapsed prefers the provisional caption when one is live
(pass) native minibar seam: bounded transcript projection > expanded shows at most three finalized lines plus one provisional row
(pass) native minibar seam: bounded transcript projection > a finalized line replaces its provisional caption instead of duplicating it
(pass) native minibar seam: bounded transcript projection > an authoritative idle snapshot clears the surface instead of keeping meeting content
(pass) native minibar seam: bounded transcript projection > a malformed transcript payload retains the last known lines [0.01ms]
(pass) native minibar seam: bounded transcript projection > a reconnect snapshot replaces the projected lines without duplicating them [0.01ms]
(pass) native minibar seam: truthful controls > collapsed exposes a persistent Stop plus a disclosure and nothing else [0.02ms]
(pass) native minibar seam: truthful controls > Stop stays visible and truthfully disabled when there is nothing to stop [0.01ms]
(pass) native minibar seam: truthful controls > expanded adds Open Workspace and keeps the same Stop control [0.02ms]
(pass) native minibar seam: truthful controls > Stop stays reachable while reconnecting but refuses to lie about being sent [0.05ms]
(pass) native minibar seam: truthful controls > the control vocabulary is closed: no Pause, no share, no second engine [0.02ms]
(pass) native minibar seam: Stop emits exactly one existing command > five rapid Stop activations emit exactly one stopCapture
(pass) native minibar seam: Stop emits exactly one existing command > Stop spam across a reconnect still emits exactly one stopCapture
(pass) native minibar seam: Stop emits exactly one existing command > Stop while idle emits nothing at all
(pass) native minibar seam: activation policy > user-started capture shows the surface and focuses the visible Stop
(pass) native minibar seam: activation policy > automatic calendar capture shows the surface without stealing OS focus
(pass) native minibar seam: activation policy > a later user interaction on an automatic capture may take focus
(pass) native minibar seam: mode and Escape > Escape collapses an expanded panel and never stops a recording [0.01ms]
(pass) native minibar seam: mode and Escape > Escape on a collapsed panel is a no-op
(pass) native minibar seam: mode and Escape > the disclosure toggles between the two contract sizes [0.01ms]
(pass) native minibar seam: window policy > the panel is a borderless floating non-activating ambient surface [0.02ms]
(pass) native minibar seam: accessibility > the surface publishes a labelled group, status text and target sizes [0.03ms]
(pass) native minibar seam: accessibility > reduced motion removes the transition entirely rather than shortening it [0.01ms]
(pass) native minibar seam: announcement discipline (Todo 15) > a status announces once and never repeats on a timer tick [0.07ms]
(pass) native minibar seam: announcement discipline (Todo 15) > an error announces its machine reason once, and recovery announces once [0.04ms]
(pass) native minibar seam: announcement discipline (Todo 15) > every painted control carries a name, a value and a truthful help string [0.06ms]

tests/native-surface-contract.test.ts:
(pass) native surface seam: sources and compilation > the pure module and fixture driver exist [0.10ms]
(pass) native surface seam: sources and compilation > swiftc compiles the pure module with the fixture driver [0.08ms]
(pass) native surface seam: sources and compilation > the pure module imports no AppKit and creates no window [0.18ms]
(pass) native surface seam: sources and compilation > the driver runs once, exits 0 and emits machine-readable JSON [0.02ms]
(pass) native surface seam: minibar geometry > collapsed bounds are exactly 360x56 [0.05ms]
(pass) native surface seam: minibar geometry > expanded bounds are exactly 560x220
(pass) native surface seam: minibar geometry > with no saved frame the default sits inside the 16px active-display gutter [0.04ms]
(pass) native surface seam: minibar geometry > a fully on-display saved frame is restored verbatim [0.05ms]
(pass) native surface seam: minibar geometry > a saved frame entirely off-display falls back to the deterministic default [0.10ms]
(pass) native surface seam: minibar geometry > a saved frame with less than 50% display intersection returns the default frame [0.02ms]
(pass) native surface seam: minibar geometry > a mostly-visible saved frame is clamped into the 16px gutters, not discarded [0.01ms]
(pass) native surface seam: minibar geometry > a saved frame on a secondary display stays on that display
(pass) native surface seam: minibar geometry > expanding keeps the surface on the saved display with expanded bounds
(pass) native surface seam: minibar geometry > impossible display bounds yield a typed failure instead of a crash
(pass) native surface seam: minibar geometry > an empty display list yields a typed failure instead of a crash
(pass) native surface seam: server payload decode subset > a capture update decodes phase, mode and startedAt [0.02ms]
(pass) native surface seam: server payload decode subset > a phase-less capturing update maps compatibly to capturing
(pass) native surface seam: server payload decode subset > a phase-less idle update maps compatibly to idle
(pass) native surface seam: server payload decode subset > a status update decodes as transport status
(pass) native surface seam: server payload decode subset > a message outside the observed subset is ignored, not an error
(pass) native surface seam: server payload decode subset > malformed JSON yields a typed failure without crashing
(pass) native surface seam: server payload decode subset > a wrongly typed field yields a typed failure without crashing
(pass) native surface seam: server payload decode subset > an unknown capture phase yields a typed failure without crashing
(pass) native surface seam: one-command guards > a single Stop activation while capturing emits one stopCapture [0.01ms]
(pass) native surface seam: one-command guards > rapid duplicate Stop activations emit exactly one stopCapture
(pass) native surface seam: one-command guards > Stop while idle emits nothing
(pass) native surface seam: one-command guards > the guard rearms only after an authoritative idle snapshot
(pass) native surface seam: launcher and build invariants > the launcher keeps the browser workspace and never imports WebKit [0.17ms]
(pass) native surface seam: launcher and build invariants > the launcher keeps its port, readiness and auto-capture contract [0.11ms]
(pass) native surface seam: launcher and build invariants > the build script compiles the launcher and rejects WebKit linkage [0.24ms]
(pass) native surface seam: launcher and build invariants > the pure module is packaged through the minibar, never through a second engine [0.41ms]

tests/native-launcher-boundary.test.ts:
(pass) native launcher seam: sources and compilation > the lifecycle module, transport module and fixture driver exist [0.06ms]
(pass) native launcher seam: sources and compilation > swiftc compiles the pure modules with the fixture driver [0.01ms]
(pass) native launcher seam: sources and compilation > the pure modules stay free of AppKit, EventKit and window/process APIs [0.33ms]
(pass) native launcher seam: sources and compilation > the driver runs once, exits 0 and emits machine-readable JSON [0.02ms]
(pass) native launcher seam: project and port resolution > HTTP_PORT in .env wins [0.03ms]
(pass) native launcher seam: project and port resolution > a missing key, out-of-range value, unparsable value or missing file falls back to 8787 [0.01ms]
(pass) native launcher seam: project and port resolution > the bun lookup order is preserved [0.01ms]
(pass) native launcher seam: project and port resolution > the launcher log stays at the documented user log path
(pass) native launcher seam: Bun launch plan > the launch plan reproduces the existing bun invocation and environment [0.01ms]
(pass) native launcher seam: Bun launch plan > a missing bun binary is a typed failure, not a crash
(pass) native launcher seam: startup decision uses one Bun session > an unreachable port starts a server owned by the launcher
(pass) native launcher seam: startup decision uses one Bun session > an already-running healthy Bun session is adopted instead of duplicated
(pass) native launcher seam: startup decision uses one Bun session > a foreign listener on the port is a typed port conflict, never a second server
(pass) native launcher seam: health signature > the existing title + runtime-bootstrap signature marks the webapp healthy
(pass) native launcher seam: health signature > a non-200 status, foreign body or unreachable port is unhealthy with a machine reason
(pass) native launcher seam: readiness without sleeps > readiness resolves on the first healthy attempt and reports the attempt index
(pass) native launcher seam: readiness without sleeps > an exhausted attempt sequence reports not-ready instead of hanging
(pass) native launcher seam: process ownership and shutdown > a clean server exit propagates its status without terminating twice
(pass) native launcher seam: process ownership and shutdown > quitting terminates the launcher-owned server exactly once
(pass) native launcher seam: process ownership and shutdown > an adopted server is never terminated by this launcher
(pass) native launcher seam: process ownership and shutdown > repeated interrupts terminate the child exactly once
(pass) native launcher seam: process ownership and shutdown > a crashed server propagates its non-zero status
(pass) native launcher seam: process ownership and shutdown > a readiness failure terminates the owned server and exits non-zero
(pass) native launcher seam: transport boundary > the transport targets the existing local /ws endpoint
(pass) native launcher seam: transport boundary > an open socket plus a capture snapshot hydrates online state
(pass) native launcher seam: transport boundary > a dropped socket becomes reconnecting while retaining the last known capture state
(pass) native launcher seam: transport boundary > an authoritative snapshot after reconnect restores online state
(pass) native launcher seam: transport boundary > a malformed payload is counted as a typed decode failure and never clears state
(pass) native launcher seam: transport boundary > an unknown capture phase is a typed decode failure, not a crash or a guess
(pass) native launcher seam: transport boundary > messages outside the observed subset leave the projection untouched
(pass) native launcher seam: transport boundary > a status message updates transport status text only
(pass) native launcher seam: transport boundary > reconnect backoff is monotonic and bounded [0.03ms]
(pass) native launcher seam: outbound command emission > rapid Stop activations emit exactly one existing stopCapture action [0.01ms]
(pass) native launcher seam: outbound command emission > Stop while the socket is down emits nothing
(pass) native launcher seam: outbound command emission > the Stop guard rearms only after an authoritative capture snapshot
(pass) native launcher seam: outbound command emission > the native surface invents no protocol spelling
(pass) native launcher seam: launcher entry point and build wiring > the launcher keeps the browser workspace and never imports WebKit [0.06ms]
(pass) native launcher seam: launcher entry point and build wiring > the launcher keeps mic permission, calendar auto-capture and bun supervision [0.08ms]
(pass) native launcher seam: launcher entry point and build wiring > the launcher delegates decisions to the pure modules instead of re-deriving them [0.05ms]
(pass) native launcher seam: launcher entry point and build wiring > the entry point holds side effects only, never lifecycle rules [0.06ms]
(pass) native launcher seam: launcher entry point and build wiring > the build script compiles every native source the entry point needs [0.04ms]
(pass) native launcher seam: launcher entry point and build wiring > the shipped bundle links the transport into exactly one executable [0.03ms]

 123 pass
 0 fail
 344 expect() calls
Ran 123 tests across 3 files. [8.95s]
