1440x900-library
1440x900-live
1440x900-loading
1440x900-empty
1440x900-error
1440x900-reconnect
1440x900-compile
1440x900-library-reduced
1440x900-live-reduced
1440x900-loading-reduced
1440x900-empty-reduced
1440x900-error-reduced
1440x900-reconnect-reduced
1440x900-compile-reduced
1244x836-library
1244x836-live
1244x836-loading
1244x836-empty
1244x836-error
1244x836-reconnect
1244x836-compile
1244x836-library-reduced
1244x836-live-reduced
1244x836-loading-reduced
1244x836-empty-reduced
1244x836-error-reduced
1244x836-reconnect-reduced
1244x836-compile-reduced
1100x800-library
1100x800-live
1100x800-loading
1100x800-empty
1100x800-error
1100x800-reconnect
1100x800-compile
1100x800-library-reduced
1100x800-live-reduced
1100x800-loading-reduced
1100x800-empty-reduced
1100x800-error-reduced
1100x800-reconnect-reduced
1100x800-compile-reduced
960x760-library
960x760-live
960x760-loading
960x760-empty
960x760-error
960x760-reconnect
960x760-compile
960x760-library-reduced
960x760-live-reduced
960x760-loading-reduced
960x760-empty-reduced
960x760-error-reduced
960x760-reconnect-reduced
960x760-compile-reduced
900x760-library
900x760-live
900x760-loading
900x760-empty
900x760-error
900x760-reconnect
900x760-compile
900x760-library-reduced
900x760-live-reduced
900x760-loading-reduced
900x760-empty-reduced
900x760-error-reduced
900x760-reconnect-reduced
900x760-compile-reduced
899x760-library
899x760-live
899x760-loading
899x760-empty
899x760-error
899x760-reconnect
899x760-compile
899x760-library-reduced
899x760-live-reduced
899x760-loading-reduced
899x760-empty-reduced
899x760-error-reduced
899x760-reconnect-reduced
899x760-compile-reduced
820x900-library
820x900-live
820x900-loading
820x900-empty
820x900-error
820x900-reconnect
820x900-compile
820x900-library-reduced
820x900-live-reduced
820x900-loading-reduced
820x900-empty-reduced
820x900-error-reduced
820x900-reconnect-reduced
820x900-compile-reduced
375x812-library
375x812-live
375x812-loading
375x812-empty
375x812-error
375x812-reconnect
375x812-compile
375x812-library-reduced
375x812-live-reduced
375x812-loading-reduced
375x812-empty-reduced
375x812-error-reduced
375x812-reconnect-reduced
375x812-compile-reduced
320x667-library
320x667-live
320x667-loading
320x667-empty
320x667-error
320x667-reconnect
320x667-compile
320x667-library-reduced
320x667-live-reduced
320x667-loading-reduced
320x667-empty-reduced
320x667-error-reduced
320x667-reconnect-reduced
320x667-compile-reduced

cells=126 defects=0
