ENOENT: no such file or directory, open '/Users/hyunjun/Documents/MUNI/meeting-slides/public/favicon.ico'
    path: "/Users/hyunjun/Documents/MUNI/meeting-slides/public/favicon.ico",
 syscall: "open",
   errno: -2,
    code: "ENOENT"

GET - /favicon.ico failed
{
  "externalRequestCount": 15,
  "external": [
    "https://fonts.googleapis.com/css2?family=Inter:wght@400;500;600;700&family=JetBrains+Mono:wght@500;700&display=swap",
    "https://cdn.jsdelivr.net/gh/orioncactus/pretendard@v1.3.9/dist/web/variable/pretendardvariable-dynamic-subset.css",
    "https://fonts.gstatic.com/s/inter/v20/UcC73FwrK3iLTeHuS_nVMrMxCp50SjIa1ZL7W0Q5nw.woff2",
    "https://fonts.gstatic.com/s/jetbrainsmono/v24/tDbv2o-flEEny0FZhsfKu5WU4zr3E_BX0PnT8RD8yKwBNntkaToggR7BYRbKPxDcwgknk-4.woff2",
    "https://cdn.jsdelivr.net/gh/orioncactus/pretendard@v1.3.9/packages/pretendard/dist/web/variable/woff2-dynamic-subset/PretendardVariable.subset.78.woff2",
    "https://cdn.jsdelivr.net/gh/orioncactus/pretendard@v1.3.9/packages/pretendard/dist/web/variable/woff2-dynamic-subset/PretendardVariable.subset.91.woff2",
    "https://cdn.jsdelivr.net/gh/orioncactus/pretendard@v1.3.9/packages/pretendard/dist/web/variable/woff2-dynamic-subset/PretendardVariable.subset.90.woff2",
    "https://cdn.jsdelivr.net/gh/orioncactus/pretendard@v1.3.9/packages/pretendard/dist/web/variable/woff2-dynamic-subset/PretendardVariable.subset.89.woff2",
    "https://cdn.jsdelivr.net/gh/orioncactus/pretendard@v1.3.9/packages/pretendard/dist/web/variable/woff2-dynamic-subset/PretendardVariable.subset.88.woff2",
    "https://cdn.jsdelivr.net/gh/orioncactus/pretendard@v1.3.9/packages/pretendard/dist/web/variable/woff2-dynamic-subset/PretendardVariable.subset.86.woff2",
    "https://cdn.jsdelivr.net/gh/orioncactus/pretendard@v1.3.9/packages/pretendard/dist/web/variable/woff2-dynamic-subset/PretendardVariable.subset.87.woff2",
    "https://cdn.jsdelivr.net/gh/orioncactus/pretendard@v1.3.9/packages/pretendard/dist/web/variable/woff2-dynamic-subset/PretendardVariable.subset.81.woff2",
    "https://cdn.jsdelivr.net/gh/orioncactus/pretendard@v1.3.9/packages/pretendard/dist/web/variable/woff2-dynamic-subset/PretendardVariable.subset.85.woff2",
    "https://cdn.jsdelivr.net/gh/orioncactus/pretendard@v1.3.9/packages/pretendard/dist/web/variable/woff2-dynamic-subset/PretendardVariable.subset.84.woff2",
    "https://cdn.jsdelivr.net/gh/orioncactus/pretendard@v1.3.9/packages/pretendard/dist/web/variable/woff2-dynamic-subset/PretendardVariable.subset.83.woff2"
  ],
  "bodyFontFamily": "Inter, \"Pretendard Variable\", Pretendard, -apple-system, \"system-ui\", \"Apple SD Gothic Neo\", sans-serif",
  "loadedFaceFamilies": [
    "Inter",
    "JetBrains Mono",
    "Pretendard Variable"
  ],
  "customPropertyCount": 78
}

Bun v1.3.14 (macOS arm64)
