bun test v1.3.14 (0d9b296a)

tests/public-caret-context.test.ts:
(pass) Todo 13 · every binding ID keeps exactly one home > library: each of the 35 binding IDs resolves to exactly one element [95.96ms]
(pass) Todo 13 · every binding ID keeps exactly one home > live: each of the 35 binding IDs resolves to exactly one element [93.53ms]
(pass) Todo 13 · DESIGN 9.11 capability placement > library with a meeting selected: the Ask entry is open, not buried in a disclosure [86.36ms]
(pass) Todo 13 · DESIGN 9.11 capability placement > library: the export set is behind ONE disclosure, not a permanent wall [79.82ms]
(pass) Todo 13 · DESIGN 9.11 capability placement > live: compile and export are behind a disclosure; Stop and the timer are not [104.93ms]
(pass) Todo 13 · DESIGN 9.11 capability placement > every capability is reachable once its own disclosure is opened, in both shells [185.98ms]
(pass) Todo 13 · the contextual surface is composed, never a dashboard wall > 1440x900: library action surface stays under two fifths of the viewport [80.60ms]
(pass) Todo 13 · the contextual surface is composed, never a dashboard wall > 1244x836: library action surface stays under two fifths of the viewport [77.53ms]
(pass) Todo 13 · the contextual surface is composed, never a dashboard wall > 1100x800: library action surface stays under two fifths of the viewport [76.07ms]
(pass) Todo 13 · the contextual surface is composed, never a dashboard wall > 960x760: library action surface stays under two fifths of the viewport [75.23ms]
(pass) Todo 13 · the contextual surface is composed, never a dashboard wall > 900x760: library action surface stays under two fifths of the viewport [73.17ms]
(pass) Todo 13 · the contextual surface is composed, never a dashboard wall > 899x760: library action surface stays under two fifths of the viewport [82.12ms]
(pass) Todo 13 · the contextual surface is composed, never a dashboard wall > 820x900: library action surface stays under two fifths of the viewport [91.06ms]
(pass) Todo 13 · the contextual surface is composed, never a dashboard wall > 375x812: library action surface stays under two fifths of the viewport [80.58ms]
(pass) Todo 13 · the contextual surface is composed, never a dashboard wall > 320x667: library action surface stays under two fifths of the viewport [74.43ms]
(pass) Todo 13 · the disclosure state belongs to the user > a set opened during `starting` is still open after `capturing` arrives [79.67ms]
(pass) Todo 13 · the disclosure state belongs to the user > a set closed in the library stays closed across repeated meeting selections [90.48ms]
(pass) Todo 13 · the disclosure state belongs to the user > crossing the shell boundary applies the shell's own default exactly once [85.42ms]
(pass) Todo 13 · panels are real dialogs > #provider-panel: dialog role + accessible name, Escape closes, focus returns to #btn-settings [93.12ms]
(pass) Todo 13 · panels are real dialogs > #attendee-panel: dialog role + accessible name, Escape closes, focus returns to #btn-attendees [89.51ms]
(pass) Todo 13 · panels are real dialogs > #ask-panel: dialog role + accessible name, Escape closes, focus returns to #btn-ask [90.12ms]
(pass) Todo 13 · disabled controls carry their exact machine reason > a disconnected client disables the gated set and states why in title AND aria-label [80.93ms]
(pass) Todo 13 · disabled controls carry their exact machine reason > Ask states its gate reason in title AND aria-label while no meeting is selected [89.10ms]
(pass) Todo 13 · re-homed controls still send their frozen actions > compile, export, save and reset emit their existing action names [89.24ms]
(pass) Todo 13 · re-homed controls still send their frozen actions > reset emits `reset` from the library, where it is truthfully enabled [89.43ms]
(pass) Todo 13 · re-homed controls still send their frozen actions > Ask sends `ask` with the frozen `meetingId` payload key [89.08ms]
(pass) Todo 13 · re-homed controls still send their frozen actions > repeated compile activation while a job is in flight emits exactly one action [121.12ms]
(pass) Todo 13 · narrow widths keep real target sizes > 375x812: every painted action meets the 44px target [83.30ms]
(pass) Todo 13 · narrow widths keep real target sizes > 320x667: every painted action meets the 44px target [80.39ms]
(pass) Todo 13 · narrow widths keep real target sizes > 375x812 library: every painted shell control passes a real 44px edge-band hit test [81.58ms]
(pass) Todo 13 · narrow widths keep real target sizes > 375x812 live: every painted shell control passes a real 44px edge-band hit test [87.94ms]
(pass) Todo 13 · narrow widths keep real target sizes > 320x667 library: every painted shell control passes a real 44px edge-band hit test [74.17ms]
(pass) Todo 13 · narrow widths keep real target sizes > 320x667 live: every painted shell control passes a real 44px edge-band hit test [80.58ms]
(pass) Todo 13 · exactly one Stop and one timer > 1244 starting: one perceivable Stop and one perceivable timer [84.41ms]
(pass) Todo 13 · exactly one Stop and one timer > 1244 capturing: one perceivable Stop and one perceivable timer [86.50ms]
(pass) Todo 13 · exactly one Stop and one timer > 1244 stopping: one perceivable Stop and one perceivable timer [78.41ms]
(pass) Todo 13 · exactly one Stop and one timer > 375 starting: one perceivable Stop and one perceivable timer [76.24ms]
(pass) Todo 13 · exactly one Stop and one timer > 375 capturing: one perceivable Stop and one perceivable timer [80.48ms]
(pass) Todo 13 · exactly one Stop and one timer > 375 stopping: one perceivable Stop and one perceivable timer [93.43ms]
(pass) Todo 13 · exactly one Stop and one timer > 320 starting: one perceivable Stop and one perceivable timer [75.39ms]
(pass) Todo 13 · exactly one Stop and one timer > 320 capturing: one perceivable Stop and one perceivable timer [79.92ms]
(pass) Todo 13 · exactly one Stop and one timer > 320 stopping: one perceivable Stop and one perceivable timer [82.09ms]
(pass) Todo 13 · exactly one Stop and one timer > reconnect during capture still shows exactly one Stop and one timer [90.86ms]
(pass) Todo 13 · exactly one Stop and one timer > a compile job in flight never adds a second Stop or timer [91.95ms]
(pass) Todo 13 · exactly one Stop and one timer > the library restores #btn-record as its capture control, with no live Stop [85.19ms]
(pass) Todo 13 · the capture control states its own gate reason > #btn-record carries the exact reason in title AND aria-label when disconnected [76.96ms]
(pass) Todo 13 · the output switcher reveals, never duplicates > each switcher item targets a distinct existing surface and creates no second slide [89.75ms]

 47 pass
 0 fail
 253 expect() calls
Ran 47 tests across 1 file. [4.74s]
