Executable=/Users/hyunjun/Applications/Meeting Slides.app/Contents/MacOS/meeting-slides
Identifier=com.meetingslides.app
Format=app bundle with Mach-O thin (arm64)
CodeDirectory v=20400 size=1038 flags=0x2(adhoc) hashes=26+3 location=embedded
VersionPlatform=1
VersionMin=1703936
VersionSDK=1705216
Hash type=sha256 size=32
CandidateCDHash sha256=096ae5c52e7e0ce4255553372a550d5790eef197
CandidateCDHashFull sha256=096ae5c52e7e0ce4255553372a550d5790eef197c6e889d447845f74fb78e2a6
Hash choices=sha256
CMSDigest=096ae5c52e7e0ce4255553372a550d5790eef197c6e889d447845f74fb78e2a6
CMSDigestType=2
Executable Segment base=0
Executable Segment limit=180224
Executable Segment flags=0x1
Page size=16384
CDHash=096ae5c52e7e0ce4255553372a550d5790eef197
Signature=adhoc
Info.plist entries=20
TeamIdentifier=not set
Sealed Resources version=2 rules=13 files=1
Internal requirements count=0 size=12
